
> smomodashboard@0.1.0 build
> next build

▲ Next.js 16.3.2 (Turbopack)
✓ Running next.config.ts took 112ms

  Creating an optimized production build ...
✓ Compiled successfully in 5.1s
  Running TypeScript ...
src/app/orders/new/page.tsx(14,47): error TS2322: Type '{ children: Element; variant: "outline"; size: "icon"; asChild: true; }' is not assignable to type 'IntrinsicAttributes & ButtonProps & VariantProps<(props?: (ConfigVariants<{ variant: { default: string; outline: string; secondary: string; ghost: string; destructive: string; link: string; }; size: { ...; }; }> & ClassProp) | undefined) => string>'.
  Property 'asChild' does not exist on type 'IntrinsicAttributes & ButtonProps & VariantProps<(props?: (ConfigVariants<{ variant: { default: string; outline: string; secondary: string; ghost: string; destructive: string; link: string; }; size: { ...; }; }> & ClassProp) | undefined) => string>'.
src/app/products/new/page.tsx(54,47): error TS2322: Type '{ children: Element; variant: "outline"; size: "icon"; asChild: true; }' is not assignable to type 'IntrinsicAttributes & ButtonProps & VariantProps<(props?: (ConfigVariants<{ variant: { default: string; outline: string; secondary: string; ghost: string; destructive: string; link: string; }; size: { ...; }; }> & ClassProp) | undefined) => string>'.
  Property 'asChild' does not exist on type 'IntrinsicAttributes & ButtonProps & VariantProps<(props?: (ConfigVariants<{ variant: { default: string; outline: string; secondary: string; ghost: string; destructive: string; link: string; }; size: { ...; }; }> & ClassProp) | undefined) => string>'.
src/app/products/page.tsx(41,17): error TS2322: Type '{ children: Element; asChild: true; }' is not assignable to type 'IntrinsicAttributes & ButtonProps & VariantProps<(props?: (ConfigVariants<{ variant: { default: string; outline: string; secondary: string; ghost: string; destructive: string; link: string; }; size: { ...; }; }> & ClassProp) | undefined) => string>'.
  Property 'asChild' does not exist on type 'IntrinsicAttributes & ButtonProps & VariantProps<(props?: (ConfigVariants<{ variant: { default: string; outline: string; secondary: string; ghost: string; destructive: string; link: string; }; size: { ...; }; }> & ClassProp) | undefined) => string>'.
src/components/layout/Header.tsx(66,27): error TS2322: Type '{ children: Element; asChild: true; }' is not assignable to type 'IntrinsicAttributes & NativeButtonProps & Omit<WithBaseUIEvent<DetailedHTMLProps<ButtonHTMLAttributes<HTMLButtonElement>, HTMLButtonElement>>, "style" | ... 3 more ... | "defaultValue"> & { ...; } & { ...; }'.
  Property 'asChild' does not exist on type 'IntrinsicAttributes & NativeButtonProps & Omit<WithBaseUIEvent<DetailedHTMLProps<ButtonHTMLAttributes<HTMLButtonElement>, HTMLButtonElement>>, "style" | ... 3 more ... | "defaultValue"> & { ...; } & { ...; }'.
src/components/layout/Header.tsx(92,32): error TS2322: Type '{ children: Element; asChild: true; }' is not assignable to type 'IntrinsicAttributes & Props<unknown>'.
  Property 'asChild' does not exist on type 'IntrinsicAttributes & Props<unknown>'.
src/components/layout/Header.tsx(99,61): error TS2322: Type '{ children: Element[]; className: string; align: "end"; forceMount: true; }' is not assignable to type 'IntrinsicAttributes & MenuPopupProps & Pick<MenuPositionerProps, "align" | "alignOffset" | "side" | "sideOffset">'.
  Property 'forceMount' does not exist on type 'IntrinsicAttributes & MenuPopupProps & Pick<MenuPositionerProps, "align" | "alignOffset" | "side" | "sideOffset">'.
Failed to type check.

